{
  "actions": [
    {
      "name": "new name",
      "title": "title",
      "class": [
        "class"
      ],
      "method": "GET",
      "href": "uri",
      "type": "type",
      "fields": [
        {
          "name": "field"
        }
      ]
    }
  ]
}
