{
  "entities": [
    {
      "class": [
        "class"
      ],
      "rel": [
        "other"
      ],
      "href": "uri",
      "type": "type",
      "title": "title"
    }
  ]
}
