{
  "entities": [
    {
      "class": [
        "location"
      ],
      "rel": [
        "hasA"
      ],
      "href": "http://localhost:8080/1234"
    }
  ]
}
