{
  "links": [
    {
      "class": [
        "class"
      ],
      "title": "title",
      "rel": [
        "other"
      ],
      "href": "uri",
      "type": "type"
    }
  ]
}
