{
  "class": [
    "city"
  ],
  "links": [
    {
      "rel": [
        "self"
      ],
      "href": "http://localhost:8080/"
    }
  ]
}
